Archive member included to satisfy reference by file (symbol)

e:/iot/5.4 2016q2/bin/../lib/gcc/arm-none-eabi/5.4.1/armv6-m\libgcc.a(_udivsi3.o)
                              ..\obj\stm32f0xx_rcc.o (__aeabi_uidiv)
e:/iot/5.4 2016q2/bin/../lib/gcc/arm-none-eabi/5.4.1/armv6-m\libgcc.a(_dvmd_tls.o)
                              e:/iot/5.4 2016q2/bin/../lib/gcc/arm-none-eabi/5.4.1/armv6-m\libgcc.a(_udivsi3.o) (__aeabi_idiv0)
e:/iot/5.4 2016q2/bin/../lib/gcc/arm-none-eabi/5.4.1/../../../../arm-none-eabi/lib/armv6-m\libg.a(lib_a-memcpy-stub.o)
                              ..\obj\main.o (memcpy)
e:/iot/5.4 2016q2/bin/../lib/gcc/arm-none-eabi/5.4.1/../../../../arm-none-eabi/lib/armv6-m\libg.a(lib_a-memset.o)
                              ..\obj\main.o (memset)
e:/iot/5.4 2016q2/bin/../lib/gcc/arm-none-eabi/5.4.1/../../../../arm-none-eabi/lib/armv6-m\libg.a(lib_a-strlen-stub.o)
                              ..\obj\USART.o (strlen)

Discarded input sections

 .text          0x00000000        0x0 ..\obj\semihosting.o
 .data          0x00000000        0x0 ..\obj\semihosting.o
 .text.SH_SendString
                0x00000000       0x1c ..\obj\semihosting.o
 .text.SH_GetChar
                0x00000000       0x3c ..\obj\semihosting.o
 .text          0x00000000        0x0 ..\obj\stm32f0xx_rcc.o
 .bss           0x00000000        0x0 ..\obj\stm32f0xx_rcc.o
 .text.RCC_DeInit
                0x00000000       0x88 ..\obj\stm32f0xx_rcc.o
 .text.RCC_HSEConfig
                0x00000000       0x28 ..\obj\stm32f0xx_rcc.o
 .text.RCC_WaitForHSEStartUp
                0x00000000       0x60 ..\obj\stm32f0xx_rcc.o
 .text.RCC_AdjustHSICalibrationValue
                0x00000000       0x3c ..\obj\stm32f0xx_rcc.o
 .text.RCC_HSICmd
                0x00000000       0x3c ..\obj\stm32f0xx_rcc.o
 .text.RCC_AdjustHSI14CalibrationValue
                0x00000000       0x3c ..\obj\stm32f0xx_rcc.o
 .text.RCC_HSI14Cmd
                0x00000000       0x3c ..\obj\stm32f0xx_rcc.o
 .text.RCC_HSI14ADCRequestCmd
                0x00000000       0x3c ..\obj\stm32f0xx_rcc.o
 .text.RCC_LSEConfig
                0x00000000       0x38 ..\obj\stm32f0xx_rcc.o
 .text.RCC_LSEDriveConfig
                0x00000000       0x2c ..\obj\stm32f0xx_rcc.o
 .text.RCC_LSICmd
                0x00000000       0x3c ..\obj\stm32f0xx_rcc.o
 .text.RCC_PLLConfig
                0x00000000       0x38 ..\obj\stm32f0xx_rcc.o
 .text.RCC_PLLCmd
                0x00000000       0x40 ..\obj\stm32f0xx_rcc.o
 .text.RCC_HSI48Cmd
                0x00000000       0x40 ..\obj\stm32f0xx_rcc.o
 .text.RCC_PREDIV1Config
                0x00000000       0x34 ..\obj\stm32f0xx_rcc.o
 .text.RCC_ClockSecuritySystemCmd
                0x00000000       0x40 ..\obj\stm32f0xx_rcc.o
 .text.RCC_MCOConfig
                0x00000000       0x44 ..\obj\stm32f0xx_rcc.o
 .text.RCC_SYSCLKConfig
                0x00000000       0x34 ..\obj\stm32f0xx_rcc.o
 .text.RCC_GetSYSCLKSource
                0x00000000       0x1c ..\obj\stm32f0xx_rcc.o
 .text.RCC_HCLKConfig
                0x00000000       0x34 ..\obj\stm32f0xx_rcc.o
 .text.RCC_PCLKConfig
                0x00000000       0x38 ..\obj\stm32f0xx_rcc.o
 .text.RCC_ADCCLKConfig
                0x00000000       0x54 ..\obj\stm32f0xx_rcc.o
 .text.RCC_CECCLKConfig
                0x00000000       0x2c ..\obj\stm32f0xx_rcc.o
 .text.RCC_I2CCLKConfig
                0x00000000       0x2c ..\obj\stm32f0xx_rcc.o
 .text.RCC_USARTCLKConfig
                0x00000000       0x50 ..\obj\stm32f0xx_rcc.o
 .text.RCC_USBCLKConfig
                0x00000000       0x2c ..\obj\stm32f0xx_rcc.o
 .text.RCC_RTCCLKConfig
                0x00000000       0x20 ..\obj\stm32f0xx_rcc.o
 .text.RCC_RTCCLKCmd
                0x00000000       0x40 ..\obj\stm32f0xx_rcc.o
 .text.RCC_BackupResetCmd
                0x00000000       0x40 ..\obj\stm32f0xx_rcc.o
 .text.RCC_AHBPeriphClockCmd
                0x00000000       0x40 ..\obj\stm32f0xx_rcc.o
 .text.RCC_APB2PeriphClockCmd
                0x00000000       0x40 ..\obj\stm32f0xx_rcc.o
 .text.RCC_APB1PeriphClockCmd
                0x00000000       0x40 ..\obj\stm32f0xx_rcc.o
 .text.RCC_AHBPeriphResetCmd
                0x00000000       0x40 ..\obj\stm32f0xx_rcc.o
 .text.RCC_APB2PeriphResetCmd
                0x00000000       0x40 ..\obj\stm32f0xx_rcc.o
 .text.RCC_APB1PeriphResetCmd
                0x00000000       0x40 ..\obj\stm32f0xx_rcc.o
 .text.RCC_ITConfig
                0x00000000       0x50 ..\obj\stm32f0xx_rcc.o
 .text.RCC_GetFlagStatus
                0x00000000       0x94 ..\obj\stm32f0xx_rcc.o
 .text.RCC_ClearFlag
                0x00000000       0x1c ..\obj\stm32f0xx_rcc.o
 .text.RCC_GetITStatus
                0x00000000       0x44 ..\obj\stm32f0xx_rcc.o
 .text.RCC_ClearITPendingBit
                0x00000000       0x20 ..\obj\stm32f0xx_rcc.o
 .text          0x00000000        0x0 ..\obj\main.o
 .text          0x00000000       0x14 ..\obj\startup_stm32f0xx.o
 .data          0x00000000        0x0 ..\obj\startup_stm32f0xx.o
 .bss           0x00000000        0x0 ..\obj\startup_stm32f0xx.o
 .text          0x00000000        0x0 ..\obj\printf.o
 .bss           0x00000000        0x0 ..\obj\printf.o
 .text.snprintf
                0x00000000       0x34 ..\obj\printf.o
 .text.fprintf  0x00000000       0x30 ..\obj\printf.o
 .text.puts     0x00000000       0x28 ..\obj\printf.o
 .text          0x00000000        0x0 ..\obj\stm32f0xx_gpio.o
 .data          0x00000000        0x0 ..\obj\stm32f0xx_gpio.o
 .bss           0x00000000        0x0 ..\obj\stm32f0xx_gpio.o
 .text.GPIO_DeInit
                0x00000000       0xf0 ..\obj\stm32f0xx_gpio.o
 .text.GPIO_Init
                0x00000000      0x130 ..\obj\stm32f0xx_gpio.o
 .text.GPIO_StructInit
                0x00000000       0x34 ..\obj\stm32f0xx_gpio.o
 .text.GPIO_PinLockConfig
                0x00000000       0x48 ..\obj\stm32f0xx_gpio.o
 .text.GPIO_ReadInputDataBit
                0x00000000       0x48 ..\obj\stm32f0xx_gpio.o
 .text.GPIO_ReadInputData
                0x00000000       0x18 ..\obj\stm32f0xx_gpio.o
 .text.GPIO_ReadOutputDataBit
                0x00000000       0x48 ..\obj\stm32f0xx_gpio.o
 .text.GPIO_ReadOutputData
                0x00000000       0x18 ..\obj\stm32f0xx_gpio.o
 .text.GPIO_SetBits
                0x00000000       0x20 ..\obj\stm32f0xx_gpio.o
 .text.GPIO_ResetBits
                0x00000000       0x20 ..\obj\stm32f0xx_gpio.o
 .text.GPIO_WriteBit
                0x00000000       0x3c ..\obj\stm32f0xx_gpio.o
 .text.GPIO_Write
                0x00000000       0x20 ..\obj\stm32f0xx_gpio.o
 .text.GPIO_PinAFConfig
                0x00000000       0xa4 ..\obj\stm32f0xx_gpio.o
 .debug_info    0x00000000      0x5e7 ..\obj\stm32f0xx_gpio.o
 .debug_abbrev  0x00000000      0x19f ..\obj\stm32f0xx_gpio.o
 .debug_aranges
                0x00000000       0x80 ..\obj\stm32f0xx_gpio.o
 .debug_ranges  0x00000000       0x70 ..\obj\stm32f0xx_gpio.o
 .debug_line    0x00000000      0x2f1 ..\obj\stm32f0xx_gpio.o
 .debug_str     0x00000000      0x496 ..\obj\stm32f0xx_gpio.o
 .comment       0x00000000       0x6f ..\obj\stm32f0xx_gpio.o
 .debug_frame   0x00000000      0x1b0 ..\obj\stm32f0xx_gpio.o
 .ARM.attributes
                0x00000000       0x31 ..\obj\stm32f0xx_gpio.o
 .data          0x00000000        0x0 ..\obj\sh_cmd.o
 .bss           0x00000000        0x0 ..\obj\sh_cmd.o
 .text          0x00000000        0x0 ..\obj\syscalls.o
 .data          0x00000000        0x0 ..\obj\syscalls.o
 .bss           0x00000000        0x4 ..\obj\syscalls.o
 .text._sbrk    0x00000000       0x3c ..\obj\syscalls.o
 .text.link     0x00000000       0x18 ..\obj\syscalls.o
 .text._close   0x00000000       0x14 ..\obj\syscalls.o
 .text._fstat   0x00000000       0x1c ..\obj\syscalls.o
 .text._isatty  0x00000000       0x14 ..\obj\syscalls.o
 .text._lseek   0x00000000       0x18 ..\obj\syscalls.o
 .text._read    0x00000000       0x18 ..\obj\syscalls.o
 .text._write   0x00000000       0x18 ..\obj\syscalls.o
 .text.abort    0x00000000        0x8 ..\obj\syscalls.o
 .debug_info    0x00000000      0x458 ..\obj\syscalls.o
 .debug_abbrev  0x00000000       0xe5 ..\obj\syscalls.o
 .debug_aranges
                0x00000000       0x60 ..\obj\syscalls.o
 .debug_ranges  0x00000000       0x50 ..\obj\syscalls.o
 .debug_line    0x00000000      0x1af ..\obj\syscalls.o
 .debug_str     0x00000000      0x363 ..\obj\syscalls.o
 .comment       0x00000000       0x6f ..\obj\syscalls.o
 .debug_frame   0x00000000      0x12c ..\obj\syscalls.o
 .ARM.attributes
                0x00000000       0x31 ..\obj\syscalls.o
 .text          0x00000000        0x0 ..\obj\system_stm32f0xx.o
 .data          0x00000000       0x14 ..\obj\system_stm32f0xx.o
 .bss           0x00000000        0x0 ..\obj\system_stm32f0xx.o
 .text.SystemCoreClockUpdate
                0x00000000       0xd4 ..\obj\system_stm32f0xx.o
 .text          0x00000000        0x0 ..\obj\USART.o
 .data          0x00000000        0x0 ..\obj\USART.o
 .bss           0x00000000        0x0 ..\obj\USART.o
 .data          0x00000000        0x0 e:/iot/5.4 2016q2/bin/../lib/gcc/arm-none-eabi/5.4.1/armv6-m\libgcc.a(_udivsi3.o)
 .bss           0x00000000        0x0 e:/iot/5.4 2016q2/bin/../lib/gcc/arm-none-eabi/5.4.1/armv6-m\libgcc.a(_udivsi3.o)
 .data          0x00000000        0x0 e:/iot/5.4 2016q2/bin/../lib/gcc/arm-none-eabi/5.4.1/armv6-m\libgcc.a(_dvmd_tls.o)
 .bss           0x00000000        0x0 e:/iot/5.4 2016q2/bin/../lib/gcc/arm-none-eabi/5.4.1/armv6-m\libgcc.a(_dvmd_tls.o)
 .text          0x00000000        0x0 e:/iot/5.4 2016q2/bin/../lib/gcc/arm-none-eabi/5.4.1/../../../../arm-none-eabi/lib/armv6-m\libg.a(lib_a-memcpy-stub.o)
 .data          0x00000000        0x0 e:/iot/5.4 2016q2/bin/../lib/gcc/arm-none-eabi/5.4.1/../../../../arm-none-eabi/lib/armv6-m\libg.a(lib_a-memcpy-stub.o)
 .bss           0x00000000        0x0 e:/iot/5.4 2016q2/bin/../lib/gcc/arm-none-eabi/5.4.1/../../../../arm-none-eabi/lib/armv6-m\libg.a(lib_a-memcpy-stub.o)
 .text          0x00000000        0x0 e:/iot/5.4 2016q2/bin/../lib/gcc/arm-none-eabi/5.4.1/../../../../arm-none-eabi/lib/armv6-m\libg.a(lib_a-memset.o)
 .data          0x00000000        0x0 e:/iot/5.4 2016q2/bin/../lib/gcc/arm-none-eabi/5.4.1/../../../../arm-none-eabi/lib/armv6-m\libg.a(lib_a-memset.o)
 .bss           0x00000000        0x0 e:/iot/5.4 2016q2/bin/../lib/gcc/arm-none-eabi/5.4.1/../../../../arm-none-eabi/lib/armv6-m\libg.a(lib_a-memset.o)
 .text          0x00000000        0x0 e:/iot/5.4 2016q2/bin/../lib/gcc/arm-none-eabi/5.4.1/../../../../arm-none-eabi/lib/armv6-m\libg.a(lib_a-strlen-stub.o)
 .data          0x00000000        0x0 e:/iot/5.4 2016q2/bin/../lib/gcc/arm-none-eabi/5.4.1/../../../../arm-none-eabi/lib/armv6-m\libg.a(lib_a-strlen-stub.o)
 .bss           0x00000000        0x0 e:/iot/5.4 2016q2/bin/../lib/gcc/arm-none-eabi/5.4.1/../../../../arm-none-eabi/lib/armv6-m\libg.a(lib_a-strlen-stub.o)

Memory Configuration

Name             Origin             Length             Attributes
rom              0x08000000         0x00020000         xr
ram              0x20000000         0x00004000         xrw
*default*        0x00000000         0xffffffff

Linker script and memory map

                0x20004000                _eram = 0x20004000

.text           0x08000000     0x1ddc
 *(.isr_vector)
 .isr_vector    0x08000000       0xc4 ..\obj\startup_stm32f0xx.o
                0x08000000                g_pfnVectors
 *(.text*)
 .text.SH_SendChar
                0x080000c4       0x60 ..\obj\semihosting.o
                0x080000c4                SH_SendChar
 .text.RCC_GetClocksFreq
                0x08000124      0x264 ..\obj\stm32f0xx_rcc.o
                0x08000124                RCC_GetClocksFreq
 .text.NVIC_EnableIRQ
                0x08000388       0x2c ..\obj\main.o
 .text.NVIC_DisableIRQ
                0x080003b4       0x30 ..\obj\main.o
 .text.NVIC_SetPriority
                0x080003e4       0xdc ..\obj\main.o
 .text.Delay_ms
                0x080004c0       0x44 ..\obj\main.o
                0x080004c0                Delay_ms
 .text.initPorts
                0x08000504       0x2c ..\obj\main.o
                0x08000504                initPorts
 .text.init_interrupts
                0x08000530       0xcc ..\obj\main.o
                0x08000530                init_interrupts
 .text.USART1_IRQHandler
                0x080005fc       0x50 ..\obj\main.o
                0x080005fc                USART1_IRQHandler
 .text.sendToResultAndroid
                0x0800064c       0x9c ..\obj\main.o
                0x0800064c                sendToResultAndroid
 .text.processData_stateMachine
                0x080006e8      0x434 ..\obj\main.o
                0x080006e8                processData_stateMachine
 .text.getNumberOfStrikes
                0x08000b1c      0x1c0 ..\obj\main.o
                0x08000b1c                getNumberOfStrikes
 .text.main     0x08000cdc      0x140 ..\obj\main.o
                0x08000cdc                main
 .text.EXTI0_1_IRQHandler
                0x08000e1c       0xcc ..\obj\main.o
                0x08000e1c                EXTI0_1_IRQHandler
 .text.TIM7_IRQHandler
                0x08000ee8       0x44 ..\obj\main.o
                0x08000ee8                TIM7_IRQHandler
 .text.TIM6_DAC_IRQHandler
                0x08000f2c       0x58 ..\obj\main.o
                0x08000f2c                TIM6_DAC_IRQHandler
 .text.Reset_Handler
                0x08000f84       0x44 ..\obj\startup_stm32f0xx.o
                0x08000f84                Reset_Handler
 .text.Default_Handler
                0x08000fc8        0x2 ..\obj\startup_stm32f0xx.o
                0x08000fc8                PVD_VDDUSB_LP_IRQHandler
                0x08000fc8                TIM1_CC_IRQHandler
                0x08000fc8                ADC1_COMP_IRQHandler
                0x08000fc8                SysTick_Handler
                0x08000fc8                PendSV_Handler
                0x08000fc8                NMI_Handler
                0x08000fc8                I2C1_IRQHandler
                0x08000fc8                RCC_CRS_IRQHandler
                0x08000fc8                SPI1_IRQHandler
                0x08000fc8                USART3_4_IRQHandler
                0x08000fc8                EXTI2_3_IRQHandler
                0x08000fc8                I2C2_IRQHandler
                0x08000fc8                TIM17_IRQHandler
                0x08000fc8                CEC_CAN_IRQHandler
                0x08000fc8                RTC_IRQHandler
                0x08000fc8                DMA1_Channel4_5_6_7_IRQHandler
                0x08000fc8                TIM16_IRQHandler
                0x08000fc8                TIM3_IRQHandler
                0x08000fc8                EXTI4_15_IRQHandler
                0x08000fc8                DMA1_Channel1_IRQHandler
                0x08000fc8                Default_Handler
                0x08000fc8                TIM14_IRQHandler
                0x08000fc8                TIM15_IRQHandler
                0x08000fc8                SPI2_IRQHandler
                0x08000fc8                SVC_Handler
                0x08000fc8                USB_LP_IRQHandler
                0x08000fc8                TS_IRQHandler
                0x08000fc8                WWDG_IRQHandler
                0x08000fc8                TIM2_IRQHandler
                0x08000fc8                DMA1_Channel2_3_IRQHandler
                0x08000fc8                USART2_IRQHandler
                0x08000fc8                FLASH_IRQHandler
                0x08000fc8                TIM1_BRK_UP_TRG_COM_IRQHandler
 *fill*         0x08000fca        0x2 
 .text.PrintChar
                0x08000fcc       0x20 ..\obj\printf.o
                0x08000fcc                PrintChar
 .text.PutChar  0x08000fec       0x20 ..\obj\printf.o
                0x08000fec                PutChar
 .text.PutString
                0x0800100c       0x38 ..\obj\printf.o
                0x0800100c                PutString
 .text.PutUnsignedInt
                0x08001044       0xa8 ..\obj\printf.o
                0x08001044                PutUnsignedInt
 .text.PutSignedInt
                0x080010ec      0x110 ..\obj\printf.o
                0x080010ec                PutSignedInt
 .text.PutHexa  0x080011fc       0xf8 ..\obj\printf.o
                0x080011fc                PutHexa
 .text.vsnprintf
                0x080012f4      0x228 ..\obj\printf.o
                0x080012f4                vsnprintf
 .text.vsprintf
                0x0800151c       0x24 ..\obj\printf.o
                0x0800151c                vsprintf
 .text.vfprintf
                0x08001540       0x68 ..\obj\printf.o
                0x08001540                vfprintf
 .text.vprintf  0x080015a8       0x28 ..\obj\printf.o
                0x080015a8                vprintf
 .text.printf   0x080015d0       0x30 ..\obj\printf.o
                0x080015d0                printf
 .text.sprintf  0x08001600       0x30 ..\obj\printf.o
                0x08001600                sprintf
 .text.fputc    0x08001630       0x40 ..\obj\printf.o
                0x08001630                fputc
 .text.fputs    0x08001670       0x4c ..\obj\printf.o
                0x08001670                fputs
 .text          0x080016bc       0x28 ..\obj\sh_cmd.o
                0x080016bc                SH_DoCommand
                0x080016ce                HardFault_Handler
 .text.SystemInit
                0x080016e4       0x8c ..\obj\system_stm32f0xx.o
                0x080016e4                SystemInit
 .text.SetSysClock
                0x08001770       0xe0 ..\obj\system_stm32f0xx.o
 .text.NVIC_EnableIRQ
                0x08001850       0x2c ..\obj\USART.o
 .text.NVIC_SetPriority
                0x0800187c       0xdc ..\obj\USART.o
 .text.USARTInit
                0x08001958       0x98 ..\obj\USART.o
                0x08001958                USARTInit
 .text.USARTSendString
                0x080019f0       0x48 ..\obj\USART.o
                0x080019f0                USARTSendString
 .text.USARTSend
                0x08001a38       0x30 ..\obj\USART.o
                0x08001a38                USARTSend
 .text          0x08001a68      0x114 e:/iot/5.4 2016q2/bin/../lib/gcc/arm-none-eabi/5.4.1/armv6-m\libgcc.a(_udivsi3.o)
                0x08001a68                __aeabi_uidiv
                0x08001a68                __udivsi3
                0x08001b74                __aeabi_uidivmod
 .text          0x08001b7c        0x4 e:/iot/5.4 2016q2/bin/../lib/gcc/arm-none-eabi/5.4.1/armv6-m\libgcc.a(_dvmd_tls.o)
                0x08001b7c                __aeabi_idiv0
                0x08001b7c                __aeabi_ldiv0
 .text.memcpy   0x08001b80       0x7c e:/iot/5.4 2016q2/bin/../lib/gcc/arm-none-eabi/5.4.1/../../../../arm-none-eabi/lib/armv6-m\libg.a(lib_a-memcpy-stub.o)
                0x08001b80                memcpy
 .text.memset   0x08001bfc       0x8c e:/iot/5.4 2016q2/bin/../lib/gcc/arm-none-eabi/5.4.1/../../../../arm-none-eabi/lib/armv6-m\libg.a(lib_a-memset.o)
                0x08001bfc                memset
 .text.strlen   0x08001c88       0x68 e:/iot/5.4 2016q2/bin/../lib/gcc/arm-none-eabi/5.4.1/../../../../arm-none-eabi/lib/armv6-m\libg.a(lib_a-strlen-stub.o)
                0x08001c88                strlen
 *(.init)
 *(.fini)
 *crtbegin.o(.ctors)
 *crtbegin?.o(.ctors)
 *(EXCLUDE_FILE(*crtend.o *crtend?.o) .ctors)
 *(SORT(.ctors.*))
 *(.ctors)
 *crtbegin.o(.dtors)
 *crtbegin?.o(.dtors)
 *(EXCLUDE_FILE(*crtend.o *crtend?.o) .dtors)
 *(SORT(.dtors.*))
 *(.dtors)
 *(.rodata*)
 .rodata        0x08001cf0       0x43 ..\obj\main.o
 *fill*         0x08001d33        0x1 
 .rodata        0x08001d34       0xa8 ..\obj\printf.o
 *(.eh_fram e*)

.glue_7         0x08001ddc        0x0
 .glue_7        0x08001ddc        0x0 linker stubs

.glue_7t        0x08001ddc        0x0
 .glue_7t       0x08001ddc        0x0 linker stubs

.vfp11_veneer   0x08001ddc        0x0
 .vfp11_veneer  0x08001ddc        0x0 linker stubs

.v4_bx          0x08001ddc        0x0
 .v4_bx         0x08001ddc        0x0 linker stubs

.iplt           0x08001ddc        0x0
 .iplt          0x08001ddc        0x0 ..\obj\semihosting.o

.rel.dyn        0x08001ddc        0x0
 .rel.iplt      0x08001ddc        0x0 ..\obj\semihosting.o

.ARM.extab
 *(.ARM.extab* .gnu.linkonce.armextab.*)
                0x08001ddc                __exidx_start = .

.ARM.exidx
 *(.ARM.exidx* .gnu.linkonce.armexidx.*)
                0x08001ddc                __exidx_end = .
                0x08001ddc                __etext = .
                0x08001ddc                _sidata = __etext

.data           0x20000000      0x444 load address 0x08001ddc
                0x20000000                __data_start__ = .
                0x20000000                _sdata = __data_start__
 *(vtable)
 *(.data*)
 .data          0x20000000       0x10 ..\obj\stm32f0xx_rcc.o
 .data          0x20000010        0x1 ..\obj\main.o
                0x20000010                sensor_Ultrasonic
 *fill*         0x20000011        0x7 
 .data          0x20000018      0x42c ..\obj\printf.o
                0x20000018                r
                0x20000440                _impure_ptr
                0x20000444                . = ALIGN (0x4)
                [!provide]                PROVIDE (__preinit_array_start, .)
 *(.preinit_array)
                [!provide]                PROVIDE (__preinit_array_end, .)
                0x20000444                . = ALIGN (0x4)
                [!provide]                PROVIDE (__init_array_start, .)
 *(SORT(.init_array.*))
 *(.init_array)
                [!provide]                PROVIDE (__init_array_end, .)
                0x20000444                . = ALIGN (0x4)
                [!provide]                PROVIDE (__fini_array_start, .)
 *(SORT(.fini_array.*))
 *(.fini_array)
                [!provide]                PROVIDE (__fini_array_end, .)
 *(.jcr*)
                0x20000444                . = ALIGN (0x4)
                0x20000444                __data_end__ = .
                0x20000444                _edata = __data_end__

.igot.plt       0x20000444        0x0 load address 0x08002220
 .igot.plt      0x20000444        0x0 ..\obj\semihosting.o

.bss            0x20000444       0x18 load address 0x08002220
                0x20000444                . = ALIGN (0x4)
                0x20000444                __bss_start__ = .
                0x20000444                _sbss = __bss_start__
 *(.bss*)
 .bss           0x20000444       0x11 ..\obj\semihosting.o
 *fill*         0x20000455        0x1 
 .bss           0x20000456        0x5 ..\obj\main.o
                0x20000456                catcher_status
                0x20000458                duration
                0x2000045a                MODE
 *(COMMON)
                0x2000045c                . = ALIGN (0x4)
 *fill*         0x2000045b        0x1 
                0x2000045c                __bss_end__ = .
                0x2000045c                _ebss = __bss_end__

.heap           0x2000045c        0x0
                0x2000045c                __end__ = .
                0x2000045c                _end = __end__
                0x2000045c                end = __end__
 *(.heap*)
                0x2000045c                __HeapLimit = .

.co_stack       0x2000045c        0x4 load address 0x08002238
                0x20000460                . = ALIGN (0x8)
 *fill*         0x2000045c        0x4 
 *(.co_stack .co_stack.*)
                0x20004000                __StackTop = (ORIGIN (ram) + LENGTH (ram))
                0x20003ffc                __StackLimit = (__StackTop - SIZEOF (.co_stack))
                [!provide]                PROVIDE (__stack, __StackTop)
                0x00000001                ASSERT ((__StackLimit >= __HeapLimit), region ram  overflowed with stack)
LOAD ..\obj\semihosting.o
LOAD ..\obj\stm32f0xx_rcc.o
LOAD ..\obj\main.o
LOAD ..\obj\startup_stm32f0xx.o
LOAD ..\obj\printf.o
LOAD ..\obj\stm32f0xx_gpio.o
LOAD ..\obj\sh_cmd.o
LOAD ..\obj\syscalls.o
LOAD ..\obj\system_stm32f0xx.o
LOAD ..\obj\USART.o
START GROUP
LOAD e:/iot/5.4 2016q2/bin/../lib/gcc/arm-none-eabi/5.4.1/armv6-m\libgcc.a
LOAD e:/iot/5.4 2016q2/bin/../lib/gcc/arm-none-eabi/5.4.1/../../../../arm-none-eabi/lib/armv6-m\libg.a
LOAD e:/iot/5.4 2016q2/bin/../lib/gcc/arm-none-eabi/5.4.1/../../../../arm-none-eabi/lib/armv6-m\libc.a
END GROUP
OUTPUT(electron_ultrasonic_2_timers.elf elf32-littlearm)

.debug_info     0x00000000     0x3388
 .debug_info    0x00000000      0x136 ..\obj\semihosting.o
 .debug_info    0x00000136      0xa41 ..\obj\stm32f0xx_rcc.o
 .debug_info    0x00000b77      0xe4c ..\obj\main.o
 .debug_info    0x000019c3       0xda ..\obj\startup_stm32f0xx.o
 .debug_info    0x00001a9d      0xe4a ..\obj\printf.o
 .debug_info    0x000028e7       0xcc ..\obj\sh_cmd.o
 .debug_info    0x000029b3      0x2fd ..\obj\system_stm32f0xx.o
 .debug_info    0x00002cb0      0x6d8 ..\obj\USART.o

.debug_abbrev   0x00000000      0xac1
 .debug_abbrev  0x00000000       0xad ..\obj\semihosting.o
 .debug_abbrev  0x000000ad      0x1ee ..\obj\stm32f0xx_rcc.o
 .debug_abbrev  0x0000029b      0x2a1 ..\obj\main.o
 .debug_abbrev  0x0000053c       0x12 ..\obj\startup_stm32f0xx.o
 .debug_abbrev  0x0000054e      0x273 ..\obj\printf.o
 .debug_abbrev  0x000007c1       0x14 ..\obj\sh_cmd.o
 .debug_abbrev  0x000007d5      0x136 ..\obj\system_stm32f0xx.o
 .debug_abbrev  0x0000090b      0x1b6 ..\obj\USART.o

.debug_aranges  0x00000000      0x370
 .debug_aranges
                0x00000000       0x30 ..\obj\semihosting.o
 .debug_aranges
                0x00000030      0x160 ..\obj\stm32f0xx_rcc.o
 .debug_aranges
                0x00000190       0x88 ..\obj\main.o
 .debug_aranges
                0x00000218       0x28 ..\obj\startup_stm32f0xx.o
 .debug_aranges
                0x00000240       0xa0 ..\obj\printf.o
 .debug_aranges
                0x000002e0       0x20 ..\obj\sh_cmd.o
 .debug_aranges
                0x00000300       0x30 ..\obj\system_stm32f0xx.o
 .debug_aranges
                0x00000330       0x40 ..\obj\USART.o

.debug_ranges   0x00000000      0x2e8
 .debug_ranges  0x00000000       0x20 ..\obj\semihosting.o
 .debug_ranges  0x00000020      0x150 ..\obj\stm32f0xx_rcc.o
 .debug_ranges  0x00000170       0x78 ..\obj\main.o
 .debug_ranges  0x000001e8       0x20 ..\obj\startup_stm32f0xx.o
 .debug_ranges  0x00000208       0x90 ..\obj\printf.o
 .debug_ranges  0x00000298       0x20 ..\obj\system_stm32f0xx.o
 .debug_ranges  0x000002b8       0x30 ..\obj\USART.o

.debug_line     0x00000000     0x11ae
 .debug_line    0x00000000       0xba ..\obj\semihosting.o
 .debug_line    0x000000ba      0x548 ..\obj\stm32f0xx_rcc.o
 .debug_line    0x00000602      0x3ba ..\obj\main.o
 .debug_line    0x000009bc       0xb9 ..\obj\startup_stm32f0xx.o
 .debug_line    0x00000a75      0x314 ..\obj\printf.o
 .debug_line    0x00000d89       0x8e ..\obj\sh_cmd.o
 .debug_line    0x00000e17      0x183 ..\obj\system_stm32f0xx.o
 .debug_line    0x00000f9a      0x214 ..\obj\USART.o

.debug_str      0x00000000     0x1400
 .debug_str     0x00000000      0x1c4 ..\obj\semihosting.o
                                0x1fd (size before relaxing)
 .debug_str     0x000001c4      0x626 ..\obj\stm32f0xx_rcc.o
                                0x78e (size before relaxing)
 .debug_str     0x000007ea      0x641 ..\obj\main.o
                                0x925 (size before relaxing)
 .debug_str     0x00000e2b      0x4ce ..\obj\printf.o
                                0x6a6 (size before relaxing)
 .debug_str     0x000012f9       0xaa ..\obj\system_stm32f0xx.o
                                0x29b (size before relaxing)
 .debug_str     0x000013a3       0x5d ..\obj\USART.o
                                0x557 (size before relaxing)

.comment        0x00000000       0x6e
 .comment       0x00000000       0x6e ..\obj\semihosting.o
                                 0x6f (size before relaxing)
 .comment       0x0000006e       0x6f ..\obj\stm32f0xx_rcc.o
 .comment       0x0000006e       0x6f ..\obj\main.o
 .comment       0x0000006e       0x6f ..\obj\printf.o
 .comment       0x0000006e       0x6f ..\obj\system_stm32f0xx.o
 .comment       0x0000006e       0x6f ..\obj\USART.o

.ARM.attributes
                0x00000000       0x2f
 .ARM.attributes
                0x00000000       0x31 ..\obj\semihosting.o
 .ARM.attributes
                0x00000031       0x31 ..\obj\stm32f0xx_rcc.o
 .ARM.attributes
                0x00000062       0x31 ..\obj\main.o
 .ARM.attributes
                0x00000093       0x21 ..\obj\startup_stm32f0xx.o
 .ARM.attributes
                0x000000b4       0x31 ..\obj\printf.o
 .ARM.attributes
                0x000000e5       0x21 ..\obj\sh_cmd.o
 .ARM.attributes
                0x00000106       0x31 ..\obj\system_stm32f0xx.o
 .ARM.attributes
                0x00000137       0x31 ..\obj\USART.o
 .ARM.attributes
                0x00000168       0x1e e:/iot/5.4 2016q2/bin/../lib/gcc/arm-none-eabi/5.4.1/armv6-m\libgcc.a(_udivsi3.o)
 .ARM.attributes
                0x00000186       0x1e e:/iot/5.4 2016q2/bin/../lib/gcc/arm-none-eabi/5.4.1/armv6-m\libgcc.a(_dvmd_tls.o)
 .ARM.attributes
                0x000001a4       0x2c e:/iot/5.4 2016q2/bin/../lib/gcc/arm-none-eabi/5.4.1/../../../../arm-none-eabi/lib/armv6-m\libg.a(lib_a-memcpy-stub.o)
 .ARM.attributes
                0x000001d0       0x2c e:/iot/5.4 2016q2/bin/../lib/gcc/arm-none-eabi/5.4.1/../../../../arm-none-eabi/lib/armv6-m\libg.a(lib_a-memset.o)
 .ARM.attributes
                0x000001fc       0x2c e:/iot/5.4 2016q2/bin/../lib/gcc/arm-none-eabi/5.4.1/../../../../arm-none-eabi/lib/armv6-m\libg.a(lib_a-strlen-stub.o)

.debug_frame    0x00000000      0xb48
 .debug_frame   0x00000000       0x70 ..\obj\semihosting.o
 .debug_frame   0x00000070      0x524 ..\obj\stm32f0xx_rcc.o
 .debug_frame   0x00000594      0x1c4 ..\obj\main.o
 .debug_frame   0x00000758      0x234 ..\obj\printf.o
 .debug_frame   0x0000098c       0x6c ..\obj\system_stm32f0xx.o
 .debug_frame   0x000009f8       0xb0 ..\obj\USART.o
 .debug_frame   0x00000aa8       0x20 e:/iot/5.4 2016q2/bin/../lib/gcc/arm-none-eabi/5.4.1/armv6-m\libgcc.a(_udivsi3.o)
 .debug_frame   0x00000ac8       0x2c e:/iot/5.4 2016q2/bin/../lib/gcc/arm-none-eabi/5.4.1/../../../../arm-none-eabi/lib/armv6-m\libg.a(lib_a-memcpy-stub.o)
 .debug_frame   0x00000af4       0x2c e:/iot/5.4 2016q2/bin/../lib/gcc/arm-none-eabi/5.4.1/../../../../arm-none-eabi/lib/armv6-m\libg.a(lib_a-memset.o)
 .debug_frame   0x00000b20       0x28 e:/iot/5.4 2016q2/bin/../lib/gcc/arm-none-eabi/5.4.1/../../../../arm-none-eabi/lib/armv6-m\libg.a(lib_a-strlen-stub.o)
